                                                                                
 Usage: cylera.py procedures [OPTIONS]                                          
                                                                                
 Get a list of medical procedures.                                              
                                                                                
╭─ Options ────────────────────────────────────────────────────────────────────╮
│ --procedure-name          TEXT     Procedure name (partial match)            │
│ --accession-number        TEXT     Accession number                          │
│ --device-uuid             TEXT     Device UUID                               │
│ --completed-after         TEXT     Date (YYYY/MM/DD)                         │
│ --page                    INTEGER  Page number for pagination                │
│ --page-size               INTEGER  Results per page (max 100)                │
│ --help                             Show this message and exit.               │
╰──────────────────────────────────────────────────────────────────────────────╯

