{
  "subnets": [
    {
      "subnet": "10.20.0.0",
      "vlan": 893,
      "description": "Main Building - Floor 1",
      "mask_len": 16,
      "subnet_inet": "10.20.0.0/16",
      "device_breakdown": [
        {
          "class": "Infrastructure"
        },
        {
          "class": "Medical"
        },
        {
          "class": "Misc IoT"
        },
        {
          "class": "Non-IoT"
        }
      ]
    },
    {
      "subnet": "10.50.0.0",
      "vlan": 889,
      "description": "Main Building - Floor 5",
      "mask_len": 16,
      "subnet_inet": "10.50.0.0/16",
      "device_breakdown": [
        {
          "class": "Infrastructure"
        },
        {
          "class": "Medical"
        },
        {
          "class": "Misc IoT"
        },
        {
          "class": "Non-IoT"
        }
      ]
    },
    {
      "subnet": "10.20.0.0",
      "vlan": 751,
      "description": "Main Building - Floor 2",
      "mask_len": 16,
      "subnet_inet": "10.20.0.0/16",
      "device_breakdown": [
        {
          "class": "Infrastructure"
        },
        {
          "class": "Medical"
        },
        {
          "class": "Misc IoT"
        },
        {
          "class": "Non-IoT"
        }
      ]
    },
    {
      "subnet": "10.50.0.0",
      "vlan": 735,
      "description": "Main Building - Floor 5",
      "mask_len": 16,
      "subnet_inet": "10.50.0.0/16",
      "device_breakdown": [
        {
          "class": "Infrastructure"
        },
        {
          "class": "Medical"
        },
        {
          "class": "Misc IoT"
        },
        {
          "class": "Non-IoT"
        }
      ]
    },
    {
      "subnet": "10.30.0.0",
      "vlan": 652,
      "description": "Main Building - Floor 3",
      "mask_len": 16,
      "subnet_inet": "10.30.0.0/16",
      "device_breakdown": [
        {
          "class": "Infrastructure"
        },
        {
          "class": "Medical"
        },
        {
          "class": "Misc IoT"
        },
        {
          "class": "Non-IoT"
        }
      ]
    },
    {
      "subnet": "10.40.0.0",
      "vlan": 477,
      "description": "Main Building - Floor 4",
      "mask_len": 16,
      "subnet_inet": "10.40.0.0/16",
      "device_breakdown": [
        {
          "class": "Infrastructure"
        },
        {
          "class": "Medical"
        },
        {
          "class": "Misc IoT"
        },
        {
          "class": "Non-IoT"
        }
      ]
    },
    {
      "subnet": "10.30.0.0",
      "vlan": 311,
      "description": "Main Building - Floor 3",
      "mask_len": 16,
      "subnet_inet": "10.30.0.0/16",
      "device_breakdown": [
        {
          "class": "Infrastructure"
        },
        {
          "class": "Medical"
        },
        {
          "class": "Misc IoT"
        },
        {
          "class": "Non-IoT"
        }
      ]
    },
    {
      "subnet": "10.40.0.0",
      "vlan": 274,
      "description": "Main Building - Floor 4",
      "mask_len": 16,
      "subnet_inet": "10.40.0.0/16",
      "device_breakdown": [
        {
          "class": "Infrastructure"
        },
        {
          "class": "Medical"
        },
        {
          "class": "Misc IoT"
        },
        {
          "class": "Non-IoT"
        }
      ]
    },
    {
      "subnet": "10.20.0.0",
      "vlan": 210,
      "description": "Main Building - Floor 2",
      "mask_len": 16,
      "subnet_inet": "10.20.0.0/16",
      "device_breakdown": [
        {
          "class": "Infrastructure"
        },
        {
          "class": "Medical"
        },
        {
          "class": "Misc IoT"
        },
        {
          "class": "Non-IoT"
        }
      ]
    },
    {
      "subnet": "10.50.0.0",
      "vlan": 110,
      "description": "Main Building - Floor 5",
      "mask_len": 16,
      "subnet_inet": "10.50.0.0/16",
      "device_breakdown": [
        {
          "class": "Infrastructure"
        },
        {
          "class": "Medical"
        },
        {
          "class": "Misc IoT"
        },
        {
          "class": "Non-IoT"
        }
      ]
    },
    {
      "subnet": "10.30.0.0",
      "vlan": 77,
      "description": "Main Building - V1 X5 subnet",
      "mask_len": 16,
      "subnet_inet": "10.30.0.0/16",
      "device_breakdown": [
        {
          "class": "Infrastructure"
        },
        {
          "class": "Medical"
        },
        {
          "class": "Misc IoT"
        },
        {
          "class": "Non-IoT"
        }
      ]
    },
    {
      "subnet": "10.40.0.0",
      "vlan": 31,
      "description": "Main Building - Floor 4",
      "mask_len": 16,
      "subnet_inet": "10.40.0.0/16",
      "device_breakdown": [
        {
          "class": "Infrastructure"
        },
        {
          "class": "Medical"
        },
        {
          "class": "Misc IoT"
        },
        {
          "class": "Non-IoT"
        }
      ]
    }
  ],
  "page": 0
}
