{
  "subnets": [
    {
      "subnet": "10.20.0.0",
      "vlan": 893,
      "description": "Main Building - Floor 1",
      "mask_len": 16,
      "subnet_inet": "10.20.0.0/16",
      "total_devices": 894,
      "device_breakdown": [
        {
          "class": "Infrastructure",
          "count": 136
        },
        {
          "class": "Medical",
          "count": 430
        },
        {
          "class": "Misc IoT",
          "count": 238
        },
        {
          "class": "Non-IoT",
          "count": 90
        }
      ]
    },
    {
      "subnet": "10.50.0.0",
      "vlan": 889,
      "description": "Main Building - Floor 5",
      "mask_len": 16,
      "subnet_inet": "10.50.0.0/16",
      "total_devices": 851,
      "device_breakdown": [
        {
          "class": "Infrastructure",
          "count": 151
        },
        {
          "class": "Medical",
          "count": 376
        },
        {
          "class": "Misc IoT",
          "count": 237
        },
        {
          "class": "Non-IoT",
          "count": 87
        }
      ]
    },
    {
      "subnet": "10.20.0.0",
      "vlan": 751,
      "description": "Main Building - Floor 2",
      "mask_len": 16,
      "subnet_inet": "10.20.0.0/16",
      "total_devices": 869,
      "device_breakdown": [
        {
          "class": "Infrastructure",
          "count": 135
        },
        {
          "class": "Medical",
          "count": 400
        },
        {
          "class": "Misc IoT",
          "count": 256
        },
        {
          "class": "Non-IoT",
          "count": 78
        }
      ]
    },
    {
      "subnet": "10.50.0.0",
      "vlan": 735,
      "description": "Main Building - Floor 5",
      "mask_len": 16,
      "subnet_inet": "10.50.0.0/16",
      "total_devices": 862,
      "device_breakdown": [
        {
          "class": "Infrastructure",
          "count": 158
        },
        {
          "class": "Medical",
          "count": 394
        },
        {
          "class": "Misc IoT",
          "count": 219
        },
        {
          "class": "Non-IoT",
          "count": 91
        }
      ]
    },
    {
      "subnet": "10.30.0.0",
      "vlan": 652,
      "description": "Main Building - Floor 3",
      "mask_len": 16,
      "subnet_inet": "10.30.0.0/16",
      "total_devices": 845,
      "device_breakdown": [
        {
          "class": "Infrastructure",
          "count": 138
        },
        {
          "class": "Medical",
          "count": 410
        },
        {
          "class": "Misc IoT",
          "count": 220
        },
        {
          "class": "Non-IoT",
          "count": 77
        }
      ]
    },
    {
      "subnet": "10.40.0.0",
      "vlan": 477,
      "description": "Main Building - Floor 4",
      "mask_len": 16,
      "subnet_inet": "10.40.0.0/16",
      "total_devices": 865,
      "device_breakdown": [
        {
          "class": "Infrastructure",
          "count": 160
        },
        {
          "class": "Medical",
          "count": 380
        },
        {
          "class": "Misc IoT",
          "count": 240
        },
        {
          "class": "Non-IoT",
          "count": 85
        }
      ]
    },
    {
      "subnet": "10.30.0.0",
      "vlan": 311,
      "description": "Main Building - Floor 3",
      "mask_len": 16,
      "subnet_inet": "10.30.0.0/16",
      "total_devices": 934,
      "device_breakdown": [
        {
          "class": "Infrastructure",
          "count": 169
        },
        {
          "class": "Medical",
          "count": 420
        },
        {
          "class": "Misc IoT",
          "count": 259
        },
        {
          "class": "Non-IoT",
          "count": 86
        }
      ]
    },
    {
      "subnet": "10.40.0.0",
      "vlan": 274,
      "description": "Main Building - Floor 4",
      "mask_len": 16,
      "subnet_inet": "10.40.0.0/16",
      "total_devices": 839,
      "device_breakdown": [
        {
          "class": "Infrastructure",
          "count": 147
        },
        {
          "class": "Medical",
          "count": 390
        },
        {
          "class": "Misc IoT",
          "count": 215
        },
        {
          "class": "Non-IoT",
          "count": 87
        }
      ]
    },
    {
      "subnet": "10.20.0.0",
      "vlan": 210,
      "description": "Main Building - Floor 2",
      "mask_len": 16,
      "subnet_inet": "10.20.0.0/16",
      "total_devices": 831,
      "device_breakdown": [
        {
          "class": "Infrastructure",
          "count": 140
        },
        {
          "class": "Medical",
          "count": 367
        },
        {
          "class": "Misc IoT",
          "count": 230
        },
        {
          "class": "Non-IoT",
          "count": 94
        }
      ]
    },
    {
      "subnet": "10.50.0.0",
      "vlan": 110,
      "description": "Main Building - Floor 5",
      "mask_len": 16,
      "subnet_inet": "10.50.0.0/16",
      "total_devices": 858,
      "device_breakdown": [
        {
          "class": "Infrastructure",
          "count": 173
        },
        {
          "class": "Medical",
          "count": 388
        },
        {
          "class": "Misc IoT",
          "count": 233
        },
        {
          "class": "Non-IoT",
          "count": 64
        }
      ]
    },
    {
      "subnet": "10.30.0.0",
      "vlan": 77,
      "description": "Main Building - V1 X5 subnet",
      "mask_len": 16,
      "subnet_inet": "10.30.0.0/16",
      "total_devices": 827,
      "device_breakdown": [
        {
          "class": "Infrastructure",
          "count": 149
        },
        {
          "class": "Medical",
          "count": 361
        },
        {
          "class": "Misc IoT",
          "count": 231
        },
        {
          "class": "Non-IoT",
          "count": 86
        }
      ]
    },
    {
      "subnet": "10.40.0.0",
      "vlan": 31,
      "description": "Main Building - Floor 4",
      "mask_len": 16,
      "subnet_inet": "10.40.0.0/16",
      "total_devices": 841,
      "device_breakdown": [
        {
          "class": "Infrastructure",
          "count": 152
        },
        {
          "class": "Medical",
          "count": 394
        },
        {
          "class": "Misc IoT",
          "count": 204
        },
        {
          "class": "Non-IoT",
          "count": 91
        }
      ]
    }
  ],
  "total": 12,
  "page": 0
}
