{
  "devices": [
    {
      "aetitle": null,
      "class": "Medical",
      "fda_class": null,
      "first_seen": 1635057272.0,
      "hostname": "QGBIEQBHYU",
      "id": "6a8b026a-4c27-11ec-8a38-5eeeaabea551",
      "ip_address": "10.30.147.221",
      "location": "Location 3",
      "mac_address": "00:0e:9f:21:da:42",
      "model": "Alice 6 LDx Diagnostic Sleep System",
      "os": "Linux 2.6.x",
      "outdated": null,
      "risk": 1,
      "serial_number": null,
      "type": "Sleep Diagnostics",
      "uuid": "6a8b026a-4c27-11ec-8a38-5eeeaabea551",
      "vendor": "Philips",
      "version": null,
      "vlan": 652
    }
  ],
  "total": 363,
  "page": 0
}
