                                                                                
 Usage: cylera.py devices [OPTIONS]                                             
                                                                                
 Get a list of devices with optional filters.                                   
                                                                                
╭─ Options ────────────────────────────────────────────────────────────────────╮
│ --aetitle                  TEXT     Complete AE Title                        │
│ --class                    TEXT     Device class (Medical, Infrastructure,   │
│                                     etc.)                                    │
│ --hostname                 TEXT     Complete hostname                        │
│ --ip-address               TEXT     Partial or complete IP                   │
│ --mac-address              TEXT     MAC address of device                    │
│ --model                    TEXT     Device model                             │
│ --os                       TEXT     Operating system                         │
│ --page                     INTEGER  Page number for pagination               │
│ --page-size                INTEGER  Results per page (max 100)               │
│ --serial-number            TEXT     Complete serial number                   │
│ --since-last-seen          INTEGER  [DEPRECATED] Seconds since last seen     │
│ --type                     TEXT     Device type (EEG, X-Ray, etc.)           │
│ --vendor                   TEXT     Device vendor                            │
│ --first-seen-before        INTEGER  Epoch timestamp                          │
│ --first-seen-after         INTEGER  Epoch timestamp                          │
│ --last-seen-before         INTEGER  Epoch timestamp                          │
│ --last-seen-after          INTEGER  Epoch timestamp                          │
│ --attribute-label          TEXT     Attribute label filter                   │
│ --help                              Show this message and exit.              │
╰──────────────────────────────────────────────────────────────────────────────╯

